[0.007s][info][gc] Using Serial
[3.717s][info][gc] GC(0) Pause Young (Allocation Failure) 4M->2M(15M) 3.311ms
[3.793s][info][gc] GC(1) Pause Young (Allocation Failure) 6M->3M(15M) 2.912ms
[3.848s][info][gc] GC(2) Pause Young (Allocation Failure) 7M->4M(15M) 2.926ms
[3.998s][info][gc] GC(3) Pause Young (Allocation Failure) 8M->4M(15M) 2.167ms
[4.137s][info][gc] GC(4) Pause Young (Allocation Failure) 8M->5M(15M) 3.744ms
[26.201s][info][gc] GC(5) Pause Young (Allocation Failure) 9M->5M(15M) 1.998ms
[29.149s][info][gc] GC(6) Pause Young (Allocation Failure) 10M->7M(15M) 3.462ms
[29.167s][info][gc] GC(7) Pause Young (Allocation Failure) 12M->10M(15M) 3.960ms
[29.180s][info][gc] GC(8) Pause Young (Allocation Failure) 14M->14M(15M) 0.029ms
[29.201s][info][gc] GC(9) Pause Full (Allocation Failure) 14M->9M(15M) 20.128ms
[29.215s][info][gc] GC(10) Pause Young (Allocation Failure) 13M->13M(15M) 0.029ms
[29.234s][info][gc] GC(11) Pause Full (Allocation Failure) 13M->10M(15M) 19.193ms
[29.248s][info][gc] GC(12) Pause Young (Allocation Failure) 14M->14M(15M) 0.025ms
[29.262s][info][gc] GC(13) Pause Full (Allocation Failure) 14M->7M(15M) 14.221ms
[29.277s][info][gc] GC(14) Pause Young (Allocation Failure) 11M->9M(15M) 3.364ms
[65.216s][info][gc] GC(15) Pause Young (Allocation Failure) 14M->14M(15M) 0.029ms
[65.231s][info][gc] GC(16) Pause Full (Allocation Failure) 14M->5M(15M) 14.395ms
[89.185s][info][gc] GC(17) Pause Young (Allocation Failure) 9M->6M(15M) 2.014ms
[89.198s][info][gc] GC(18) Pause Young (Allocation Failure) 11M->8M(15M) 3.162ms
[89.207s][info][gc] GC(19) Pause Young (Allocation Failure) 13M->13M(15M) 0.030ms
[89.227s][info][gc] GC(20) Pause Full (Allocation Failure) 13M->8M(15M) 20.220ms
[89.241s][info][gc] GC(21) Pause Young (Allocation Failure) 12M->10M(15M) 4.227ms
[89.249s][info][gc] GC(22) Pause Young (Allocation Failure) 14M->14M(15M) 0.030ms
[89.268s][info][gc] GC(23) Pause Full (Allocation Failure) 14M->8M(15M) 19.162ms
[89.282s][info][gc] GC(24) Pause Young (Allocation Failure) 12M->10M(15M) 3.858ms
[103.209s][info][gc] GC(25) Pause Young (Allocation Failure) 14M->14M(15M) 0.034ms
[103.224s][info][gc] GC(26) Pause Full (Allocation Failure) 14M->7M(15M) 15.045ms
